{
  "hydratedResponse": {
    "eventId": "2fac98e6-86ec-4df8-b6eb-5f8c5d889685",
    "eventNote": {
      "code": "2",
      "reason": "Failed"
    },
    "eventTime": "2021-09-09T05:01:34Z"
  }
}
